---------------------------------------------------------------------------------------------------------------------------------------------
      name:  <unnamed>
       log:  C:\Users\Yongye LIU\Desktop\PUER_class_size_child_development\logfiles\PUER_published_results.log
  log type:  text
 opened on:  13 Aug 2024, 21:06:13

. 
. * run all replication files
. do "$root\dofiles\1_figure1.do"

. clear all

. set more off

. 
. // load data 
. use "$working_data\PUER_figure1_data.dta", clear

. 
. // keep data for graph
. keep if year > 2000
(14 observations deleted)

. 
. twoway connect 全国幼儿园 year || ///
>         connect 城区幼儿园 year || ///
>         connect 镇区幼儿园 year || ///
>         connect 乡村幼儿园 year, ///
>                 yline(30, lp(shortdash)) ylab(20(2)34) yti("幼儿园平均班级规模") ///
>                 xt("年份") xlab(2001(1)2017, ang(45)) scheme(s1mono)

. 
. graph export "$figures\PUER_figure1.png", as(png) width(2400) height(1800) replace
(note: file C:\Users\Yongye LIU\Desktop\PUER_class_size_child_development\figures\PUER_figure1.png not found)
(file C:\Users\Yongye LIU\Desktop\PUER_class_size_child_development\figures\PUER_figure1.png written in PNG format)

. 
end of do-file

. do "$root\dofiles\2_data_analysis.do"

. /* =============================================================================
>  * Program: 北大教育评论-幼儿园班级规模与儿童发展：来自县域追踪调查的证据
>  * Author: Yongye Liu (liuyongye16@gmail.com), Po Yang (Peking University)
>  * Date: Jun 2, 2020
>  * Stata/SE 15.1
>  * ===========================================================================*/
. 
. clear all

. set more off

. 
. * load data
. use "$working_data\PUER_reg_data.dta", clear

. 
. * change data label to English
. label language english
(english already current language)

. des

Contains data from C:\Users\Yongye LIU\Desktop\PUER_class_size_child_development\working_data\PUER_reg_data.dta
  obs:           867                          
 vars:            30                          12 Aug 2024 20:14
 size:       103,173                          
---------------------------------------------------------------------------------------------------------------------------------------------
              storage   display    value
variable name   type    format     label      variable label
---------------------------------------------------------------------------------------------------------------------------------------------
kidid           str5    %9s                   Anonymous Kindergarten ID
classid         str7    %9s                   Anonymous Classroom ID
boy             byte    %9.0g      genderen   boy (girl=0)
age17           float   %9.0g                 Age of children at baseline
heduy           float   %9.0g                 parental highest years of schooling
guardian        float   %9.0g                 Parents are the primary caregivers (Not=0)
siblings        float   %9.0g                 Num. of siblings
ruralhk         float   %9.0g                 Rural hukou (urban hukou = 0)
hai             float   %9.0g                 Household asset index
Grade           byte    %10.0g     gradeen    
NumTea          byte    %10.0g                Num. of teachers of observed classroom
NumTotChi       byte    %10.0g                Enrolled class size
ES              double  %10.0g                Emotional support domain of CLASS-prek
CO              double  %10.0g                Classroom organization domain of CLASS-prek
IS              double  %10.0g                Instructional support domain of CLASS-prek
class_size      float   %20.0g     classize_en
                                              Class size (categorical)
cs2             float   %9.0g                 squared of class size
public          byte    %10.0g     publicen   Public kindergarten (private=0)
urban17         byte    %10.0g     urban17en
                                              Urban area (0=rural area) based on National Bureau of Statistics, PRC
kgdloc          byte    %12.0g     kgdlocen   Location of kindergarten
avg_tage        double  %9.0g                 Teachers' average age
avg_texp        float   %9.0g                 Teachers' average year of teaching
avg_theduy      float   %9.0g                 Teachers' average highest years of schooling
tlnwage         float   %9.0g                 Teachers' average wage (take logarithm)
stdtotal_17     float   %9.0g                 z-score of total development-baseline
stdtotal_18     float   %9.0g                 z-score of total development-wave2
stdcd_17        float   %9.0g                 z-score of cognitive development-baseline
stdcd_18        float   %9.0g                 z-score of cognitive development-wave2
stdsed_17       float   %9.0g                 z-score of social-emotional development-baseline
stdsed_18       float   %9.0g                 z-score of social-emotional development-wave2
---------------------------------------------------------------------------------------------------------------------------------------------
Sorted by: 

. 
.                                         **********************************
.                                         *** Part 1: Summary Statistics ***
.                                         **********************************
. *** Kindergarten level summary statistics
. preserve 

.         duplicates drop kidid, force

Duplicates in terms of kidid

(809 observations deleted)

.         eststo clear

.         eststo tab0a: estpost summarize public urban17 kgdloc

             |  e(count)   e(sum_w)    e(mean)     e(Var)      e(sd)     e(min)     e(max)     e(sum) 
-------------+----------------------------------------------------------------------------------------
      public |        58         58   .7931034   .1669691   .4086186          0          1         46 
     urban17 |        58         58   .3793103   .2395644   .4894532          0          1         22 
      kgdloc |        58         58   1.396552   .5241984   .7240155          1          3         81 

. 
.         esttab tab0a using "$tables\summary_statistics.rtf", ///
>                 cell("count(fmt(0)) mean(fmt(4)) sd(fmt(4)) min(fmt(4)) max(fmt(4))") ///
>                 label nonumber replace
(note: file C:\Users\Yongye LIU\Desktop\PUER_class_size_child_development\tables\summary_statistics.rtf not found)
(output written to C:\Users\Yongye LIU\Desktop\PUER_class_size_child_development\tables\summary_statistics.rtf)

. restore

. 
. ** Classroom level summary statistics
. preserve

.         duplicates drop classid, force

Duplicates in terms of classid

(756 observations deleted)

.         eststo clear

.         eststo tab0b: estpost summarize tlnwage avg_tage avg_texp avg_theduy ES CO IS

             |  e(count)   e(sum_w)    e(mean)     e(Var)      e(sd)     e(min)     e(max)     e(sum) 
-------------+----------------------------------------------------------------------------------------
     tlnwage |       108        108   7.236174   .0654895   .2559093   6.907755   7.930206   781.5068 
    avg_tage |       110        110   27.90162   47.44144   6.887775         17         49   3069.178 
    avg_texp |       109        109   3.615759   17.18352   4.145301          0         22   394.1177 
  avg_theduy |       108        108   12.44444   3.693146   1.921756          9         16       1344 
          ES |       111        111   4.104167   .4007339   .6330355        2.5     5.6875   455.5625 
          CO |       111        111   4.395646   .6091501   .7804807   2.083333       5.75   487.9167 
          IS |       111        111   1.226727   .1007792   .3174574          1   2.833333   136.1667 

. 
.         esttab tab0b using "$tables\summary_statistics.rtf", ///
>                 cell("count(fmt(0)) mean(fmt(4)) sd(fmt(4)) min(fmt(4)) max(fmt(4))") ///
>                 label nonumber append
(output written to C:\Users\Yongye LIU\Desktop\PUER_class_size_child_development\tables\summary_statistics.rtf)

. restore

. 
. 
. ** Children level summary statistics
. 
. local variables "stdtotal_17 stdtotal_18 stdcd_17 stdcd_18 stdsed_17 stdsed_18"

. local indvar "boy age17 heduy guardian ruralhk siblings hai"

. 
. eststo clear

. eststo tab0c: estpost summarize `variables' `indvar'

             |  e(count)   e(sum_w)    e(mean)     e(Var)      e(sd)     e(min)     e(max)     e(sum) 
-------------+----------------------------------------------------------------------------------------
 stdtotal_17 |       867        867   3.61e-10          1          1  -4.177404   2.925398   3.13e-07 
 stdtotal_18 |       867        867  -9.62e-10          1          1  -3.648146   3.344632  -8.34e-07 
    stdcd_17 |       867        867   1.02e-09          1          1  -2.524513   2.609951   8.82e-07 
    stdcd_18 |       867        867  -1.14e-10          1          1  -3.514425   2.078168  -9.85e-08 
   stdsed_17 |       867        867  -1.46e-09          1          1  -2.027829   3.051779  -1.26e-06 
   stdsed_18 |       867        867  -1.56e-09          1          1  -2.650185   2.332299  -1.35e-06 
         boy |       867        867   .4994233   .2502884   .5002883          0          1        433 
       age17 |       867        867   4.303286   .4115915   .6415539   2.182067   6.959617   3730.949 
       heduy |       867        867   10.08304   6.346444   2.519215          6         19       8742 
    guardian |       867        867   .8039216   .1578137   .3972577          0          1        697 
     ruralhk |       856        856   .9287383   .0662609   .2574119          0          1        795 
    siblings |       846        846   1.646572   .7494971    .865735          0          5       1393 
         hai |       867        867   .0310795   5.435756   2.331471  -5.472857   9.287006   26.94597 

. 
. esttab tab0c using  "$tables\summary_statistics.rtf", ///
>         cell("count(fmt(0)) mean(fmt(4)) sd(fmt(4)) min(fmt(4)) max(fmt(4))") ///
> label nonumber append
(output written to C:\Users\Yongye LIU\Desktop\PUER_class_size_child_development\tables\summary_statistics.rtf)

. 
.                                                         ********************
.                                                         *** HLM analysis ***
.                                                         ********************
. global le1covar "boy age17 heduy guardian ruralhk siblings hai"

. global le2covar1 "public urban17 avg_theduy avg_texp tlnwage avg_tage"

. /*层二的第一组变量是所有班级内的教师（含保育员）的平均水平*/
. 
. global le2covar2 "public urban17 avg_ztheduy avg_ztexp tzlnwage avg_ztage"

. /*层二的第一组变量是所有班级内的主班教师的平均水平*/
. 
. 
.                                         **********************************
.                                         *** 回归表格: quasi-gains model ***
.                                         **********************************
.                 * ------------------------ 班级规模分类变量 ------------------------- *
. * 表4： 基准回归 
. ** 小班样本完整模型
. mixed stdtotal_18 b3.class_size $le1covar $le2covar1 NumTea || classid: if Grade == 1, nolog reml

Mixed-effects REML regression                   Number of obs     =        403
Group variable: classid                         Number of groups  =         54

                                                Obs per group:
                                                              min =          2
                                                              avg =        7.5
                                                              max =         10

                                                Wald chi2(16)     =      57.79
Log restricted-likelihood = -486.50775          Prob > chi2       =     0.0000

----------------------------------------------------------------------------------
     stdtotal_18 |      Coef.   Std. Err.      z    P>|z|     [95% Conf. Interval]
-----------------+----------------------------------------------------------------
      class_size |
Smaller Classes  |  -.1769044   .2162899    -0.82   0.413    -.6008248    .2470161
Regular Classes  |  -.1842363   .2094042    -0.88   0.379     -.594661    .2261884
                 |
             boy |  -.0265639    .074216    -0.36   0.720    -.1720246    .1188968
           age17 |   .6084977   .0941781     6.46   0.000     .4239119    .7930834
           heduy |   .0409869   .0187989     2.18   0.029     .0041417    .0778321
        guardian |   .0477114   .0961626     0.50   0.620    -.1407638    .2361867
         ruralhk |  -.0013052   .1944483    -0.01   0.995    -.3824169    .3798064
        siblings |  -.0116601   .0452603    -0.26   0.797    -.1003687    .0770485
             hai |   .0065826   .0191217     0.34   0.731    -.0308952    .0440603
          public |  -.0137877    .196173    -0.07   0.944    -.3982796    .3707042
         urban17 |  -.0031748   .1989392    -0.02   0.987    -.3930884    .3867388
      avg_theduy |  -.0378839   .0495068    -0.77   0.444    -.1349154    .0591475
        avg_texp |  -.0333273    .026429    -1.26   0.207    -.0851272    .0184725
         tlnwage |   .2883644   .4064681     0.71   0.478    -.5082983    1.085027
        avg_tage |  -.0061098   .0127257    -0.48   0.631    -.0310517    .0188321
          NumTea |  -.1123897   .1565057    -0.72   0.473    -.4191353    .1943558
           _cons |  -4.252355   2.729474    -1.56   0.119    -9.602026    1.097315
----------------------------------------------------------------------------------

------------------------------------------------------------------------------
  Random-effects Parameters  |   Estimate   Std. Err.     [95% Conf. Interval]
-----------------------------+------------------------------------------------
classid: Identity            |
                  var(_cons) |   .2137818   .0615751      .1215628     .375959
-----------------------------+------------------------------------------------
               var(Residual) |   .4897845   .0374585      .4216047      .56899
------------------------------------------------------------------------------
LR test vs. linear model: chibar2(01) = 53.04         Prob >= chibar2 = 0.0000

. eststo r1

. 
. ** 小班样本完整模型：纳入基线得分
. mixed stdtotal_18 b3.class_size stdtotal_17 $le1covar $le2covar1 NumTea || classid: if Grade == 1,nolog reml

Mixed-effects REML regression                   Number of obs     =        403
Group variable: classid                         Number of groups  =         54

                                                Obs per group:
                                                              min =          2
                                                              avg =        7.5
                                                              max =         10

                                                Wald chi2(17)     =     199.28
Log restricted-likelihood = -434.05838          Prob > chi2       =     0.0000

----------------------------------------------------------------------------------
     stdtotal_18 |      Coef.   Std. Err.      z    P>|z|     [95% Conf. Interval]
-----------------+----------------------------------------------------------------
      class_size |
Smaller Classes  |  -.1752083   .2078124    -0.84   0.399    -.5825131    .2320965
Regular Classes  |  -.0861978   .2026424    -0.43   0.671    -.4833695     .310974
                 |
     stdtotal_17 |   .5692393   .0505148    11.27   0.000     .4702321    .6682464
             boy |   -.044523   .0638299    -0.70   0.485    -.1696273    .0805812
           age17 |   .2200813    .088345     2.49   0.013     .0469283    .3932343
           heduy |   .0254955   .0162765     1.57   0.117    -.0064059    .0573969
        guardian |   .0403801   .0828264     0.49   0.626    -.1219566    .2027168
         ruralhk |   -.061175   .1680792    -0.36   0.716    -.3906042    .2682542
        siblings |   .0246337    .039176     0.63   0.529    -.0521498    .1014173
             hai |   .0040116   .0164836     0.24   0.808    -.0282957    .0363189
          public |  -.0827875   .1888646    -0.44   0.661    -.4529554    .2873804
         urban17 |  -.1905031   .1921359    -0.99   0.321    -.5670826    .1860764
      avg_theduy |  -.0752019   .0479135    -1.57   0.117    -.1691105    .0187068
        avg_texp |  -.0123183   .0254168    -0.48   0.628    -.0621343    .0374978
         tlnwage |   .4414889   .3915601     1.13   0.260    -.3259549    1.208933
        avg_tage |  -.0029508   .0123082    -0.24   0.811    -.0270743    .0211728
          NumTea |  -.0969624   .1512097    -0.64   0.521     -.393328    .1994032
           _cons |  -2.989426   2.610567    -1.15   0.252    -8.106043    2.127191
----------------------------------------------------------------------------------

------------------------------------------------------------------------------
  Random-effects Parameters  |   Estimate   Std. Err.     [95% Conf. Interval]
-----------------------------+------------------------------------------------
classid: Identity            |
                  var(_cons) |   .2129739   .0570088      .1260309    .3598949
-----------------------------+------------------------------------------------
               var(Residual) |   .3605023   .0275919      .3102839    .4188483
------------------------------------------------------------------------------
LR test vs. linear model: chibar2(01) = 78.79         Prob >= chibar2 = 0.0000

. eststo r2 

. 
. ** 中班样本完整模型
. mixed stdtotal_18 b3.class_size $le1covar $le2covar1 NumTea || classid: if Grade == 2, nolog reml

Mixed-effects REML regression                   Number of obs     =        405
Group variable: classid                         Number of groups  =         52

                                                Obs per group:
                                                              min =          2
                                                              avg =        7.8
                                                              max =         13

                                                Wald chi2(16)     =      84.47
Log restricted-likelihood = -450.54207          Prob > chi2       =     0.0000

----------------------------------------------------------------------------------
     stdtotal_18 |      Coef.   Std. Err.      z    P>|z|     [95% Conf. Interval]
-----------------+----------------------------------------------------------------
      class_size |
Smaller Classes  |  -.3337817    .148537    -2.25   0.025    -.6249089   -.0426545
Regular Classes  |   .0765211   .1397145     0.55   0.584    -.1973142    .3503564
                 |
             boy |  -.0944378   .0687553    -1.37   0.170    -.2291957    .0403202
           age17 |   .5322056   .0854291     6.23   0.000     .3647676    .6996436
           heduy |   .0461355   .0179711     2.57   0.010     .0109128    .0813581
        guardian |  -.0243145   .0911888    -0.27   0.790    -.2030412    .1544123
         ruralhk |  -.0876921   .1523665    -0.58   0.565     -.386325    .2109408
        siblings |  -.0594301   .0430146    -1.38   0.167    -.1437371     .024877
             hai |   .0049533   .0197895     0.25   0.802    -.0338335    .0437402
          public |   -.214962   .1486065    -1.45   0.148    -.5062253    .0763013
         urban17 |    -.16578   .1230813    -1.35   0.178     -.407015     .075455
      avg_theduy |   .0249115   .0310674     0.80   0.423    -.0359796    .0858025
        avg_texp |   .0290123   .0185375     1.57   0.118    -.0073207    .0653452
         tlnwage |  -.3219283   .2456753    -1.31   0.190     -.803443    .1595864
        avg_tage |  -.0381883   .0131715    -2.90   0.004    -.0640041   -.0123726
          NumTea |  -.0007696   .0983434    -0.01   0.994    -.1935192    .1919799
           _cons |   1.036207   1.789355     0.58   0.563    -2.470865    4.543279
----------------------------------------------------------------------------------

------------------------------------------------------------------------------
  Random-effects Parameters  |   Estimate   Std. Err.     [95% Conf. Interval]
-----------------------------+------------------------------------------------
classid: Identity            |
                  var(_cons) |   .0823266   .0312235      .0391481     .173129
-----------------------------+------------------------------------------------
               var(Residual) |    .428878   .0325485       .369602    .4976606
------------------------------------------------------------------------------
LR test vs. linear model: chibar2(01) = 19.43         Prob >= chibar2 = 0.0000

. eststo r3

. 
. ** 中班样本完整模型：纳入基线得分
. mixed stdtotal_18 b3.class_size stdtotal_17 $le1covar $le2covar1 NumTea || classid: if Grade == 2, nolog reml

Mixed-effects REML regression                   Number of obs     =        405
Group variable: classid                         Number of groups  =         52

                                                Obs per group:
                                                              min =          2
                                                              avg =        7.8
                                                              max =         13

                                                Wald chi2(17)     =     211.69
Log restricted-likelihood =  -402.7153          Prob > chi2       =     0.0000

----------------------------------------------------------------------------------
     stdtotal_18 |      Coef.   Std. Err.      z    P>|z|     [95% Conf. Interval]
-----------------+----------------------------------------------------------------
      class_size |
Smaller Classes  |  -.2962087   .1530133    -1.94   0.053    -.5961093    .0036918
Regular Classes  |   .1144198   .1447238     0.79   0.429    -.1692335    .3980732
                 |
     stdtotal_17 |   .5193744   .0481429    10.79   0.000      .425016    .6137329
             boy |  -.0711711   .0599561    -1.19   0.235    -.1886829    .0463408
           age17 |   .1744034   .0833047     2.09   0.036     .0111292    .3376776
           heduy |   .0284188   .0158436     1.79   0.073     -.002634    .0594716
        guardian |   .0090818   .0795858     0.11   0.909    -.1469036    .1650671
         ruralhk |  -.2080052   .1333577    -1.56   0.119    -.4693814    .0533711
        siblings |  -.0809843   .0376117    -2.15   0.031    -.1547018   -.0072668
             hai |   .0085858   .0173274     0.50   0.620    -.0253754     .042547
          public |  -.0539437   .1544127    -0.35   0.727     -.356587    .2486996
         urban17 |  -.1759543   .1263276    -1.39   0.164    -.4235517    .0716432
      avg_theduy |   .0199782   .0321186     0.62   0.534     -.042973    .0829295
        avg_texp |   .0076187   .0192703     0.40   0.693    -.0301504    .0453878
         tlnwage |  -.3387035   .2531715    -1.34   0.181    -.8349104    .1575035
        avg_tage |  -.0267833    .013642    -1.96   0.050    -.0535212   -.0000454
          NumTea |   .0129233   .1018813     0.13   0.899    -.1867604    .2126069
           _cons |    2.50255   1.839335     1.36   0.174     -1.10248     6.10758
----------------------------------------------------------------------------------

------------------------------------------------------------------------------
  Random-effects Parameters  |   Estimate   Std. Err.     [95% Conf. Interval]
-----------------------------+------------------------------------------------
classid: Identity            |
                  var(_cons) |    .106518   .0348373      .0561091     .202215
-----------------------------+------------------------------------------------
               var(Residual) |   .3200499   .0244629      .2755222    .3717739
------------------------------------------------------------------------------
LR test vs. linear model: chibar2(01) = 35.56         Prob >= chibar2 = 0.0000

. eststo r4

. 
. esttab r* using "$tables/published_table20200703.rtf", ///
>         transform(ln*: exp(2*@) 2*exp(2*@)) ///
>         eqlabels ("" "var(_cons)" "var(Residual)", none) ///
>         se nogaps compress label nobaselevels ///
>         order(1.class_size 2.class_size $le2covar1 NumTea $le1covar) ///
>         mgroups("Juniors sample" "Middle sample", pattern(1 0 1 0 1 0)) ///
>         nomtitles ///
>         b(%6.3f) t(%6.2f)  star(* 0.1 ** 0.05 *** 0.01) ///
>         scalars("ll Log lik." "chi2 Wald chi2") ///
>         title("{\b Table 4. Baseline regression}") replace
(note: file C:\Users\Yongye LIU\Desktop\PUER_class_size_child_development\tables/published_table20200703.rtf not found)
(output written to C:\Users\Yongye LIU\Desktop\PUER_class_size_child_development\tables/published_table20200703.rtf)

. 
. eststo clear

. 
.                                                         *****************
.                                                         *** 异质性分析 ***
.                                                         *****************
. * 表5：班级规模对城乡幼儿园儿童发展影响的异质性检验
. *** 城乡heterogeneity 
. global level2cov "tlnwage avg_tage avg_texp avg_theduy"

. 
. mixed stdtotal_18 b3.class_size stdtotal_17 $le1covar $level2cov NumTea public || classid: if Grade == 1 & urban17 == 0, nolog reml

Mixed-effects REML regression                   Number of obs     =        258
Group variable: classid                         Number of groups  =         34

                                                Obs per group:
                                                              min =          2
                                                              avg =        7.6
                                                              max =         10

                                                Wald chi2(16)     =     111.25
Log restricted-likelihood = -291.56422          Prob > chi2       =     0.0000

----------------------------------------------------------------------------------
     stdtotal_18 |      Coef.   Std. Err.      z    P>|z|     [95% Conf. Interval]
-----------------+----------------------------------------------------------------
      class_size |
Smaller Classes  |   -.089154   .2634992    -0.34   0.735     -.605603     .427295
Regular Classes  |   .0491815   .3122009     0.16   0.875     -.562721     .661084
                 |
     stdtotal_17 |   .5184321   .0643168     8.06   0.000     .3923735    .6444907
             boy |  -.0390113   .0843279    -0.46   0.644     -.204291    .1262684
           age17 |   .1928573   .1128605     1.71   0.087    -.0283452    .4140599
           heduy |   .0335471   .0215425     1.56   0.119    -.0086755    .0757696
        guardian |   .0671118   .1064073     0.63   0.528    -.1414427    .2756663
         ruralhk |  -.0554106   .6773806    -0.08   0.935    -1.383052    1.272231
        siblings |   .0344569   .0530192     0.65   0.516    -.0694587    .1383725
             hai |  -.0168754   .0215597    -0.78   0.434    -.0591316    .0253808
         tlnwage |     .56071   .5528552     1.01   0.310    -.5228663    1.644286
        avg_tage |  -.0005911   .0167529    -0.04   0.972    -.0334261    .0322439
        avg_texp |  -.0178179   .0331598    -0.54   0.591    -.0828098     .047174
      avg_theduy |  -.0505955   .0679625    -0.74   0.457    -.1837996    .0826087
          NumTea |  -.1812663   .2123773    -0.85   0.393    -.5975181    .2349855
          public |  -.2428515   .3395988    -0.72   0.475    -.9084531      .42275
           _cons |  -4.010786   3.887272    -1.03   0.302     -11.6297    3.608127
----------------------------------------------------------------------------------

------------------------------------------------------------------------------
  Random-effects Parameters  |   Estimate   Std. Err.     [95% Conf. Interval]
-----------------------------+------------------------------------------------
classid: Identity            |
                  var(_cons) |   .2804706   .0973406      .1420588    .5537411
-----------------------------+------------------------------------------------
               var(Residual) |   .3896972   .0375314      .3226627    .4706584
------------------------------------------------------------------------------
LR test vs. linear model: chibar2(01) = 53.04         Prob >= chibar2 = 0.0000

. eststo r1 //农村小班

. 
. mixed stdtotal_18 b3.class_size stdtotal_17 $le1covar $level2cov NumTea public || classid: if Grade == 1 & urban17 == 1, nolog reml

Mixed-effects REML regression                   Number of obs     =        145
Group variable: classid                         Number of groups  =         20

                                                Obs per group:
                                                              min =          3
                                                              avg =        7.3
                                                              max =          9

                                                Wald chi2(16)     =     101.81
Log restricted-likelihood = -150.78496          Prob > chi2       =     0.0000

----------------------------------------------------------------------------------
     stdtotal_18 |      Coef.   Std. Err.      z    P>|z|     [95% Conf. Interval]
-----------------+----------------------------------------------------------------
      class_size |
Smaller Classes  |  -.8004366    .469554    -1.70   0.088    -1.720745    .1198723
Regular Classes  |  -.4235175   .3487111    -1.21   0.225    -1.106979    .2599437
                 |
     stdtotal_17 |   .7258484   .0851259     8.53   0.000     .5590047     .892692
             boy |   -.040505   .0993582    -0.41   0.684    -.2352435    .1542336
           age17 |   .2695201   .1511227     1.78   0.075    -.0266749     .565715
           heduy |    .016726    .025306     0.66   0.509    -.0328729    .0663248
        guardian |   .0163232   .1366537     0.12   0.905    -.2515131    .2841595
         ruralhk |  -.0707674   .1724209    -0.41   0.681    -.4087062    .2671713
        siblings |   .0146152   .0574089     0.25   0.799    -.0979041    .1271345
             hai |   .0435007   .0258615     1.68   0.093    -.0071869    .0941882
         tlnwage |  -.2268536   .6965413    -0.33   0.745    -1.592049    1.138342
        avg_tage |  -.0104934   .0246256    -0.43   0.670    -.0587586    .0377719
        avg_texp |   .0541148   .0505867     1.07   0.285    -.0450332    .1532629
      avg_theduy |  -.1336604   .0800578    -1.67   0.095    -.2905709    .0232501
          NumTea |  -.1841948     .28969    -0.64   0.525    -.7519767    .3835871
          public |  -.0023954   .2516814    -0.01   0.992    -.4956819    .4908911
           _cons |   2.815246   4.550571     0.62   0.536     -6.10371     11.7342
----------------------------------------------------------------------------------

------------------------------------------------------------------------------
  Random-effects Parameters  |   Estimate   Std. Err.     [95% Conf. Interval]
-----------------------------+------------------------------------------------
classid: Identity            |
                  var(_cons) |   .1648805    .087877      .0580097    .4686381
-----------------------------+------------------------------------------------
               var(Residual) |   .3070976    .039993      .2379169    .3963944
------------------------------------------------------------------------------
LR test vs. linear model: chibar2(01) = 21.03         Prob >= chibar2 = 0.0000

. eststo r2 //城镇小班

. 
. mixed stdtotal_18 b3.class_size stdtotal_17 $le1covar $level2cov NumTea public || classid: if Grade == 2 & urban17 == 0, nolog reml

Mixed-effects REML regression                   Number of obs     =        239
Group variable: classid                         Number of groups  =         30

                                                Obs per group:
                                                              min =          3
                                                              avg =        8.0
                                                              max =         13

                                                Wald chi2(16)     =     150.01
Log restricted-likelihood = -246.10554          Prob > chi2       =     0.0000

----------------------------------------------------------------------------------
     stdtotal_18 |      Coef.   Std. Err.      z    P>|z|     [95% Conf. Interval]
-----------------+----------------------------------------------------------------
      class_size |
Smaller Classes  |  -.1662292   .1721924    -0.97   0.334    -.5037201    .1712617
Regular Classes  |   .4416165   .1790133     2.47   0.014     .0907569    .7924762
                 |
     stdtotal_17 |   .5552648   .0643212     8.63   0.000     .4291975    .6813321
             boy |  -.0743806   .0805037    -0.92   0.356     -.232165    .0834038
           age17 |   .1812907   .0976125     1.86   0.063    -.0100262    .3726076
           heduy |   .0423878   .0229313     1.85   0.065    -.0025568    .0873323
        guardian |   .1254984   .1081295     1.16   0.246    -.0864315    .3374284
         ruralhk |  -.3405115    .639144    -0.53   0.594    -1.593211    .9121877
        siblings |  -.0834203   .0494161    -1.69   0.091    -.1802741    .0134334
             hai |    .028452   .0239517     1.19   0.235    -.0184925    .0753965
         tlnwage |   .0334321    .314567     0.11   0.915     -.583108    .6499721
        avg_tage |   -.011036   .0177276    -0.62   0.534    -.0457814    .0237094
        avg_texp |  -.0019893   .0203668    -0.10   0.922    -.0419074    .0379289
      avg_theduy |   .0464861   .0360068     1.29   0.197    -.0240858    .1170581
          NumTea |  -.1437906   .1666608    -0.86   0.388    -.4704398    .1828585
          public |  -.2488497   .2334468    -1.07   0.286     -.706397    .2086975
           _cons |  -.6674338   2.455321    -0.27   0.786    -5.479775    4.144908
----------------------------------------------------------------------------------

------------------------------------------------------------------------------
  Random-effects Parameters  |   Estimate   Std. Err.     [95% Conf. Interval]
-----------------------------+------------------------------------------------
classid: Identity            |
                  var(_cons) |   .0674907   .0371256      .0229621    .1983702
-----------------------------+------------------------------------------------
               var(Residual) |   .3460352   .0345865      .2844736    .4209191
------------------------------------------------------------------------------
LR test vs. linear model: chibar2(01) = 9.22          Prob >= chibar2 = 0.0012

. eststo r3 //农村中班

. 
. mixed stdtotal_18 b3.class_size stdtotal_17 $le1covar $level2cov NumTea public || classid: if Grade == 2 & urban17 == 1, nolog reml

Mixed-effects REML regression                   Number of obs     =        166
Group variable: classid                         Number of groups  =         22

                                                Obs per group:
                                                              min =          2
                                                              avg =        7.5
                                                              max =         10

                                                Wald chi2(16)     =      84.94
Log restricted-likelihood = -163.87265          Prob > chi2       =     0.0000

----------------------------------------------------------------------------------
     stdtotal_18 |      Coef.   Std. Err.      z    P>|z|     [95% Conf. Interval]
-----------------+----------------------------------------------------------------
      class_size |
Smaller Classes  |  -.5538796   .3398975    -1.63   0.103    -1.220066    .1123072
Regular Classes  |  -.1530832   .2641262    -0.58   0.562     -.670761    .3645947
                 |
     stdtotal_17 |   .4775487   .0752419     6.35   0.000     .3300772    .6250201
             boy |  -.0506207   .0927126    -0.55   0.585     -.232334    .1310926
           age17 |   .1894849    .168714     1.12   0.261    -.1411886    .5201583
           heduy |    .028859   .0229279     1.26   0.208    -.0160789    .0737969
        guardian |  -.1872991   .1205677    -1.55   0.120    -.4236075    .0490093
         ruralhk |  -.2029607    .134537    -1.51   0.131    -.4666483    .0607269
        siblings |  -.0510521   .0586929    -0.87   0.384    -.1660882    .0639839
             hai |  -.0123865   .0258736    -0.48   0.632    -.0630979    .0383249
         tlnwage |  -.6661643    .511099    -1.30   0.192      -1.6679    .3355714
        avg_tage |   -.032635   .0389287    -0.84   0.402    -.1089339    .0436638
        avg_texp |   .0556537   .0706894     0.79   0.431     -.082895    .1942024
      avg_theduy |  -.0383657   .0709865    -0.54   0.589    -.1774967    .1007652
          NumTea |   .0533205    .226668     0.24   0.814    -.3909406    .4975816
          public |  -.0567879   .2462302    -0.23   0.818    -.5393903    .4258144
           _cons |   5.571368   3.709838     1.50   0.133    -1.699781    12.84252
----------------------------------------------------------------------------------

------------------------------------------------------------------------------
  Random-effects Parameters  |   Estimate   Std. Err.     [95% Conf. Interval]
-----------------------------+------------------------------------------------
classid: Identity            |
                  var(_cons) |   .1730857   .0860437      .0653304    .4585718
-----------------------------+------------------------------------------------
               var(Residual) |   .2775261   .0336655      .2188004    .3520137
------------------------------------------------------------------------------
LR test vs. linear model: chibar2(01) = 23.82         Prob >= chibar2 = 0.0000

. eststo r4 //城镇中班

. 
. esttab r* using "$tables/published_table20200703.rtf", ///
>         transform(ln*: exp(2*@) 2*exp(2*@)) ///
>         eqlabels ("" "var(_cons)" "var(Residual)", none) ///
>         se nogaps compress label ///
>         keep(1.class_size 2.class_size) ///
>         mgroups("Juniors sample" "Middle sample", pattern(1 0 1 0)) ///
>         nonumbers mtitles("Rural kindergartens" "Urban kindergartens" "Rural kindergartens" "Urban kindergartens" ) ///
>         b(%6.3f) t(%6.2f)  star(* 0.1 ** 0.05 *** 0.01) ///
>         scalars("ll Log lik." "chi2 Wald chi2") ///
>         title("{\b Table 5. urban & rural heterogeneity}") ///
>         append 
(output written to C:\Users\Yongye LIU\Desktop\PUER_class_size_child_development\tables/published_table20200703.rtf)

. 
. eststo clear

. 
. * 表6.班级规模对不同所有制幼儿园儿童发展影响的异质性检验
. *** 公民办
. mixed stdtotal_18 b3.class_size stdtotal_17 $le1covar $level2cov NumTea urban17 || classid: if Grade == 1 & public == 1, nolog reml

Mixed-effects REML regression                   Number of obs     =        307
Group variable: classid                         Number of groups  =         42

                                                Obs per group:
                                                              min =          2
                                                              avg =        7.3
                                                              max =         10

                                                Wald chi2(16)     =     137.65
Log restricted-likelihood =  -338.4936          Prob > chi2       =     0.0000

----------------------------------------------------------------------------------
     stdtotal_18 |      Coef.   Std. Err.      z    P>|z|     [95% Conf. Interval]
-----------------+----------------------------------------------------------------
      class_size |
Smaller Classes  |  -.1031636   .2463852    -0.42   0.675    -.5860698    .3797425
Regular Classes  |  -.1225321   .2578177    -0.48   0.635    -.6278454    .3827813
                 |
     stdtotal_17 |   .5584556   .0584313     9.56   0.000     .4439323    .6729789
             boy |  -.0356383    .074636    -0.48   0.633    -.1819221    .1106455
           age17 |   .1781008   .1013208     1.76   0.079    -.0204843     .376686
           heduy |   .0186448   .0189276     0.99   0.325    -.0184526    .0557422
        guardian |   .0484394   .0894355     0.54   0.588     -.126851    .2237299
         ruralhk |  -.0887956   .2972884    -0.30   0.765    -.6714701    .4938789
        siblings |   .0522196   .0458499     1.14   0.255    -.0376445    .1420837
             hai |  -.0141559   .0197337    -0.72   0.473    -.0528332    .0245214
         tlnwage |   .4588304   .4864814     0.94   0.346    -.4946555    1.412316
        avg_tage |  -.0042724   .0150678    -0.28   0.777    -.0338048      .02526
        avg_texp |  -.0168236   .0298141    -0.56   0.573    -.0752582    .0416109
      avg_theduy |  -.0706831   .0674418    -1.05   0.295    -.2028665    .0615003
          NumTea |  -.0747779   .1893161    -0.39   0.693    -.4458308    .2962749
         urban17 |  -.1205825   .2435573    -0.50   0.621    -.5979461    .3567811
           _cons |   -3.08947   3.155374    -0.98   0.328    -9.273891     3.09495
----------------------------------------------------------------------------------

------------------------------------------------------------------------------
  Random-effects Parameters  |   Estimate   Std. Err.     [95% Conf. Interval]
-----------------------------+------------------------------------------------
classid: Identity            |
                  var(_cons) |   .2728107   .0814083       .152005    .4896264
-----------------------------+------------------------------------------------
               var(Residual) |   .3650774   .0321952      .3071282    .4339604
------------------------------------------------------------------------------
LR test vs. linear model: chibar2(01) = 73.32         Prob >= chibar2 = 0.0000

. eststo r1 //公办小班

. 
. mixed stdtotal_18 b3.class_size stdtotal_17 $le1covar $level2cov NumTea urban17 || classid: if Grade == 1 & public == 0, nolog reml

Mixed-effects REML regression                   Number of obs     =         96
Group variable: classid                         Number of groups  =         12

                                                Obs per group:
                                                              min =          4
                                                              avg =        8.0
                                                              max =         10

                                                Wald chi2(16)     =      69.87
Log restricted-likelihood = -103.30781          Prob > chi2       =     0.0000

----------------------------------------------------------------------------------
     stdtotal_18 |      Coef.   Std. Err.      z    P>|z|     [95% Conf. Interval]
-----------------+----------------------------------------------------------------
      class_size |
Smaller Classes  |  -.7247715   .6695866    -1.08   0.279    -2.037137    .5875941
Regular Classes  |  -.1308111   .4473623    -0.29   0.770    -1.007625    .7460028
                 |
     stdtotal_17 |   .6494691   .1087363     5.97   0.000       .43635    .8625883
             boy |   .0341299    .132538     0.26   0.797    -.2256397    .2938996
           age17 |   .3214813   .1898729     1.69   0.090    -.0506628    .6936253
           heduy |   .0546507   .0335489     1.63   0.103    -.0111038    .1204053
        guardian |   .0932593   .2494824     0.37   0.709    -.3957171    .5822357
         ruralhk |   .0757751   .2186539     0.35   0.729    -.3527787    .5043289
        siblings |  -.0425145   .0785802    -0.54   0.588     -.196529    .1114999
             hai |   .0499728   .0309099     1.62   0.106    -.0106096    .1105552
         tlnwage |   .3970775   1.234602     0.32   0.748    -2.022699    2.816854
        avg_tage |    .001137   .0516143     0.02   0.982    -.1000251    .1022991
        avg_texp |   .0496527   .0907012     0.55   0.584    -.1281183    .2274237
      avg_theduy |  -.1309108   .0978526    -1.34   0.181    -.3226983    .0608768
          NumTea |   -.262973   .4141846    -0.63   0.525     -1.07476    .5488139
         urban17 |  -.1154674   .6418131    -0.18   0.857    -1.373398    1.142463
           _cons |  -2.596081   8.853678    -0.29   0.769    -19.94897    14.75681
----------------------------------------------------------------------------------

------------------------------------------------------------------------------
  Random-effects Parameters  |   Estimate   Std. Err.     [95% Conf. Interval]
-----------------------------+------------------------------------------------
classid: Identity            |
                  var(_cons) |   .1834861   .1879582      .0246408    1.366315
-----------------------------+------------------------------------------------
               var(Residual) |   .3397502    .055074      .2472743    .4668105
------------------------------------------------------------------------------
LR test vs. linear model: chibar2(01) = 6.34          Prob >= chibar2 = 0.0059

. eststo r2 //民办小班

. 
. mixed stdtotal_18 b3.class_size stdtotal_17 $le1covar $level2cov NumTea urban17 || classid: if Grade == 2 & public == 1, nolog reml

Mixed-effects REML regression                   Number of obs     =        312
Group variable: classid                         Number of groups  =         41

                                                Obs per group:
                                                              min =          2
                                                              avg =        7.6
                                                              max =         13

                                                Wald chi2(16)     =     158.70
Log restricted-likelihood = -317.80048          Prob > chi2       =     0.0000

----------------------------------------------------------------------------------
     stdtotal_18 |      Coef.   Std. Err.      z    P>|z|     [95% Conf. Interval]
-----------------+----------------------------------------------------------------
      class_size |
Smaller Classes  |  -.2588832   .1455008    -1.78   0.075    -.5440596    .0262932
Regular Classes  |   .3330994   .1625817     2.05   0.040     .0144451    .6517537
                 |
     stdtotal_17 |   .5400937   .0578823     9.33   0.000     .4266466    .6535408
             boy |  -.0557836   .0690655    -0.81   0.419    -.1911496    .0795824
           age17 |   .1468343   .0932486     1.57   0.115    -.0359295    .3295981
           heduy |   .0345976   .0197036     1.76   0.079    -.0040209     .073216
        guardian |   .0430424   .0868596     0.50   0.620    -.1271993     .213284
         ruralhk |   .0621305   .2167406     0.29   0.774    -.3626733    .4869343
        siblings |  -.0974576   .0423621    -2.30   0.021    -.1804857   -.0144295
             hai |   .0222993   .0212797     1.05   0.295    -.0194081    .0640067
         tlnwage |  -.3353211   .2714634    -1.24   0.217    -.8673796    .1967374
        avg_tage |  -.0108115   .0151153    -0.72   0.474     -.040437    .0188139
        avg_texp |  -.0034157   .0200993    -0.17   0.865    -.0428097    .0359782
      avg_theduy |   .0582422   .0342823     1.70   0.089    -.0089499    .1254343
          NumTea |  -.0941697   .1076667    -0.87   0.382    -.3051925    .1168532
         urban17 |  -.1297644   .1342874    -0.97   0.334    -.3929629    .1334342
           _cons |   1.478732     1.9304     0.77   0.444    -2.304783    5.262247
----------------------------------------------------------------------------------

------------------------------------------------------------------------------
  Random-effects Parameters  |   Estimate   Std. Err.     [95% Conf. Interval]
-----------------------------+------------------------------------------------
classid: Identity            |
                  var(_cons) |    .083855   .0355995      .0364891     .192706
-----------------------------+------------------------------------------------
               var(Residual) |   .3363286   .0294647      .2832648    .3993326
------------------------------------------------------------------------------
LR test vs. linear model: chibar2(01) = 17.61         Prob >= chibar2 = 0.0000

. eststo r3 //公办中班

. 
. mixed stdtotal_18 b3.class_size stdtotal_17 $le1covar $level2cov NumTea urban17 || classid: if Grade == 2 & public == 0, nolog reml

Mixed-effects REML regression                   Number of obs     =         93
Group variable: classid                         Number of groups  =         11

                                                Obs per group:
                                                              min =          5
                                                              avg =        8.5
                                                              max =         10

                                                Wald chi2(15)     =      77.99
Log restricted-likelihood = -87.404724          Prob > chi2       =     0.0000

----------------------------------------------------------------------------------
     stdtotal_18 |      Coef.   Std. Err.      z    P>|z|     [95% Conf. Interval]
-----------------+----------------------------------------------------------------
      class_size |
Regular Classes  |  -.2072393   .6282017    -0.33   0.741    -1.438492    1.024013
     stdtotal_17 |   .4990827   .0873891     5.71   0.000     .3278032    .6703623
             boy |  -.2267386   .1230636    -1.84   0.065    -.4679388    .0144617
           age17 |   .5315059   .1890173     2.81   0.005     .1610387     .901973
           heduy |    .038193   .0255703     1.49   0.135    -.0119239      .08831
        guardian |  -.3787398    .221869    -1.71   0.088     -.813595    .0561155
         ruralhk |  -.3796962   .1634468    -2.32   0.020    -.7000459   -.0593464
        siblings |    .028517   .0809779     0.35   0.725    -.1301968    .1872307
             hai |  -.0244521    .030362    -0.81   0.421    -.0839605    .0350563
         tlnwage |  -.3014907   2.000153    -0.15   0.880    -4.221719    3.618738
        avg_tage |   -.080196    .075573    -1.06   0.289    -.2283164    .0679243
        avg_texp |   .0399514   .2441041     0.16   0.870    -.4384838    .5183866
      avg_theduy |    .015158   .2224923     0.07   0.946     -.420919    .4512349
          NumTea |   .2992694   .4396989     0.68   0.496    -.5625246    1.161063
         urban17 |  -.3680044   .6955743    -0.53   0.597    -1.731305    .9952961
           _cons |   1.717337   15.19688     0.11   0.910      -28.068    31.50267
----------------------------------------------------------------------------------

------------------------------------------------------------------------------
  Random-effects Parameters  |   Estimate   Std. Err.     [95% Conf. Interval]
-----------------------------+------------------------------------------------
classid: Identity            |
                  var(_cons) |   .2622635   .2440897      .0423176    1.625379
-----------------------------+------------------------------------------------
               var(Residual) |   .2453071    .040345      .1777115    .3386139
------------------------------------------------------------------------------
LR test vs. linear model: chibar2(01) = 12.67         Prob >= chibar2 = 0.0002

. eststo r4 //民办中班

. 
. esttab r* using "$tables/published_table20200703.rtf", ///
>         transform(ln*: exp(2*@) 2*exp(2*@)) ///
>         eqlabels ("" "var(_cons)" "var(Residual)", none) ///
>         se nogaps compress label ///
>         nobaselevels keep(1.class_size 2.class_size) ///
>         mgroups("Juniors sample" "Middle sample", pattern(1 0 1 0)) ///
>         nonumbers mtitles("Pubilc kindergartens" "Private kindergartens" "Pubilc kindergartens" "Private kindergartens" ) ///
>         b(%6.3f) t(%6.2f)  star(* 0.1 ** 0.05 *** 0.01) ///
>         scalars("ll Log lik." "chi2 Wald chi2") ///
>         title("{\b Table 6. Public and Private Kindergarten heterogeneity}") ///
>         append 
(output written to C:\Users\Yongye LIU\Desktop\PUER_class_size_child_development\tables/published_table20200703.rtf)

. 
. eststo clear

. 
. *** 表7：班级规模对不同家庭社会经济背景儿童的影响
. 
. egen median_hai = median(hai)

. gen low_hai = .
(867 missing values generated)

. replace low_hai = 1 if hai < median_hai
(433 real changes made)

. replace low_hai = 0 if hai >= median_hai
(434 real changes made)

. 
. tab low_hai

    low_hai |      Freq.     Percent        Cum.
------------+-----------------------------------
          0 |        434       50.06       50.06
          1 |        433       49.94      100.00
------------+-----------------------------------
      Total |        867      100.00

. 
. 
. eststo clear

. ** 小班样本完整模型
. mixed stdtotal_18 b3.class_size stdtotal_17 $le1covar $le2covar1 NumTea || classid: if Grade == 1 & low_hai == 1, nolog reml
note: ruralhk omitted because of collinearity

Mixed-effects REML regression                   Number of obs     =        193
Group variable: classid                         Number of groups  =         49

                                                Obs per group:
                                                              min =          1
                                                              avg =        3.9
                                                              max =          7

                                                Wald chi2(16)     =     102.36
Log restricted-likelihood = -228.47417          Prob > chi2       =     0.0000

----------------------------------------------------------------------------------
     stdtotal_18 |      Coef.   Std. Err.      z    P>|z|     [95% Conf. Interval]
-----------------+----------------------------------------------------------------
      class_size |
Smaller Classes  |  -.1130997   .2390635    -0.47   0.636    -.5816556    .3554562
Regular Classes  |   .0461102   .2622634     0.18   0.860    -.4679166     .560137
                 |
     stdtotal_17 |   .5901643   .0720218     8.19   0.000     .4490042    .7313245
             boy |  -.0178252   .1043227    -0.17   0.864     -.222294    .1866436
           age17 |   .0896886   .1352218     0.66   0.507    -.1753413    .3547185
           heduy |   .0487632   .0296616     1.64   0.100    -.0093725    .1068989
        guardian |  -.0460801   .1195868    -0.39   0.700     -.280466    .1883059
         ruralhk |          0  (omitted)
        siblings |  -.0104446   .0658027    -0.16   0.874    -.1394156    .1185264
             hai |  -.0287609   .0536008    -0.54   0.592    -.1338166    .0762948
          public |  -.0310994   .2622909    -0.12   0.906    -.5451802    .4829814
         urban17 |  -.4158749   .2363691    -1.76   0.079    -.8791499    .0474001
      avg_theduy |  -.0598506    .059064    -1.01   0.311     -.175614    .0559127
        avg_texp |  -.0121558   .0283991    -0.43   0.669    -.0678169    .0435053
         tlnwage |   .5207817   .4642578     1.12   0.262     -.389147     1.43071
        avg_tage |   .0103941   .0142893     0.73   0.467    -.0176125    .0384007
          NumTea |  -.0450529   .1824255    -0.25   0.805    -.4026004    .3124945
           _cons |  -3.937068   3.116582    -1.26   0.206    -10.04546     2.17132
----------------------------------------------------------------------------------

------------------------------------------------------------------------------
  Random-effects Parameters  |   Estimate   Std. Err.     [95% Conf. Interval]
-----------------------------+------------------------------------------------
classid: Identity            |
                  var(_cons) |    .218974   .0823334      .1047958    .4575527
-----------------------------+------------------------------------------------
               var(Residual) |   .3970693   .0482573      .3129079    .5038672
------------------------------------------------------------------------------
LR test vs. linear model: chibar2(01) = 20.54         Prob >= chibar2 = 0.0000

. eststo r1 //小班低SES

. 
. mixed stdtotal_18 b3.class_size stdtotal_17 $le1covar $le2covar1 NumTea || classid: if Grade == 1 & low_hai == 0, nolog reml

Mixed-effects REML regression                   Number of obs     =        210
Group variable: classid                         Number of groups  =         49

                                                Obs per group:
                                                              min =          1
                                                              avg =        4.3
                                                              max =          8

                                                Wald chi2(17)     =     104.33
Log restricted-likelihood = -232.96349          Prob > chi2       =     0.0000

----------------------------------------------------------------------------------
     stdtotal_18 |      Coef.   Std. Err.      z    P>|z|     [95% Conf. Interval]
-----------------+----------------------------------------------------------------
      class_size |
Smaller Classes  |  -.2635922   .2836767    -0.93   0.353    -.8195883     .292404
Regular Classes  |  -.0856543   .2408763    -0.36   0.722    -.5577632    .3864547
                 |
     stdtotal_17 |   .5504382   .0729423     7.55   0.000      .407474    .6934024
             boy |  -.0743922   .0863629    -0.86   0.389    -.2436603    .0948759
           age17 |   .2809935   .1217435     2.31   0.021     .0423806    .5196063
           heduy |   .0140086    .020611     0.68   0.497    -.0263881    .0544053
        guardian |   .0942893   .1373155     0.69   0.492    -.1748441    .3634227
         ruralhk |  -.0772967   .1683634    -0.46   0.646    -.4072829    .2526895
        siblings |   .0459973   .0504734     0.91   0.362    -.0529289    .1449234
             hai |   .0325775   .0295472     1.10   0.270    -.0253338    .0904889
          public |   -.088123   .2202236    -0.40   0.689    -.5197533    .3435074
         urban17 |  -.1329206    .241441    -0.55   0.582    -.6061362     .340295
      avg_theduy |  -.0880556   .0585547    -1.50   0.133    -.2028207    .0267094
        avg_texp |  -.0306602   .0379988    -0.81   0.420    -.1051365    .0438161
         tlnwage |   .2547572   .4942594     0.52   0.606    -.7139735    1.223488
        avg_tage |  -.0048338   .0152106    -0.32   0.751    -.0346461    .0249785
          NumTea |  -.0843369   .1899263    -0.44   0.657    -.4565855    .2879117
           _cons |  -1.632213   3.408563    -0.48   0.632    -8.312872    5.048447
----------------------------------------------------------------------------------

------------------------------------------------------------------------------
  Random-effects Parameters  |   Estimate   Std. Err.     [95% Conf. Interval]
-----------------------------+------------------------------------------------
classid: Identity            |
                  var(_cons) |   .2722958   .0961194      .1363232    .5438912
-----------------------------+------------------------------------------------
               var(Residual) |   .3243491   .0379959      .2578094    .4080626
------------------------------------------------------------------------------
LR test vs. linear model: chibar2(01) = 31.95         Prob >= chibar2 = 0.0000

. eststo r2 //小班高SES

. 
. ** 中班样本完整模型
. mixed stdtotal_18 b3.class_size stdtotal_17 $le1covar $le2covar1 NumTea || classid: if Grade == 2 & low_hai == 1, nolog reml

Mixed-effects REML regression                   Number of obs     =        202
Group variable: classid                         Number of groups  =         47

                                                Obs per group:
                                                              min =          1
                                                              avg =        4.3
                                                              max =          8

                                                Wald chi2(17)     =     115.57
Log restricted-likelihood = -215.64413          Prob > chi2       =     0.0000

----------------------------------------------------------------------------------
     stdtotal_18 |      Coef.   Std. Err.      z    P>|z|     [95% Conf. Interval]
-----------------+----------------------------------------------------------------
      class_size |
Smaller Classes  |  -.1960401   .1538135    -1.27   0.202     -.497509    .1054288
Regular Classes  |   .2746069   .1678984     1.64   0.102    -.0544679    .6036816
                 |
     stdtotal_17 |    .493094   .0743914     6.63   0.000     .3472896    .6388984
             boy |  -.0473801   .0899083    -0.53   0.598    -.2235971    .1288369
           age17 |    .252769   .1132822     2.23   0.026     .0307399     .474798
           heduy |    .035777   .0264905     1.35   0.177    -.0161434    .0876974
        guardian |  -.0554488   .1203891    -0.46   0.645     -.291407    .1805094
         ruralhk |   .3939493   .3568754     1.10   0.270    -.3055137    1.093412
        siblings |  -.0508833   .0522258    -0.97   0.330    -.1532439    .0514773
             hai |   .0173612   .0493176     0.35   0.725    -.0792996    .1140219
          public |  -.4464488   .2065079    -2.16   0.031    -.8511969   -.0417007
         urban17 |  -.1191827   .1354143    -0.88   0.379      -.38459    .1462245
      avg_theduy |    .045555   .0331672     1.37   0.170    -.0194516    .1105616
        avg_texp |   .0045161   .0185077     0.24   0.807    -.0317584    .0407905
         tlnwage |   -.237145   .2817081    -0.84   0.400    -.7892827    .3149928
        avg_tage |  -.0253318   .0142814    -1.77   0.076    -.0533227    .0026592
          NumTea |  -.0751365   .1295708    -0.58   0.562    -.3290906    .1788177
           _cons |   .8394745   2.237423     0.38   0.708    -3.545795    5.224744
----------------------------------------------------------------------------------

------------------------------------------------------------------------------
  Random-effects Parameters  |   Estimate   Std. Err.     [95% Conf. Interval]
-----------------------------+------------------------------------------------
classid: Identity            |
                  var(_cons) |   .0532255    .039489      .0124336    .2278465
-----------------------------+------------------------------------------------
               var(Residual) |   .3609204   .0423183      .2868186    .4541671
------------------------------------------------------------------------------
LR test vs. linear model: chibar2(01) = 3.13          Prob >= chibar2 = 0.0385

. eststo r3 //中班低SES

. 
. mixed stdtotal_18 b3.class_size stdtotal_17 $le1covar $le2covar1 NumTea || classid: if Grade == 2 & low_hai == 0, nolog reml

Mixed-effects REML regression                   Number of obs     =        203
Group variable: classid                         Number of groups  =         50

                                                Obs per group:
                                                              min =          1
                                                              avg =        4.1
                                                              max =         10

                                                Wald chi2(17)     =     121.44
Log restricted-likelihood = -211.43835          Prob > chi2       =     0.0000

----------------------------------------------------------------------------------
     stdtotal_18 |      Coef.   Std. Err.      z    P>|z|     [95% Conf. Interval]
-----------------+----------------------------------------------------------------
      class_size |
Smaller Classes  |  -.3624318   .2038396    -1.78   0.075    -.7619501    .0370866
Regular Classes  |   .1764663   .1845114     0.96   0.339    -.1851694    .5381021
                 |
     stdtotal_17 |   .5323257   .0652656     8.16   0.000     .4044074     .660244
             boy |  -.1093237   .0862006    -1.27   0.205    -.2782738    .0596264
           age17 |   .1548042   .1304827     1.19   0.235    -.1009373    .4105456
           heduy |   .0103821   .0215054     0.48   0.629    -.0317678    .0525319
        guardian |  -.0077181   .1183304    -0.07   0.948    -.2396415    .2242052
         ruralhk |  -.3678601   .1470287    -2.50   0.012    -.6560311   -.0796891
        siblings |  -.1286332   .0598575    -2.15   0.032    -.2459517   -.0113146
             hai |  -.0094347   .0332223    -0.28   0.776    -.0745491    .0556797
          public |   .0334976   .1858012     0.18   0.857    -.3306661    .3976612
         urban17 |  -.2372232   .1668786    -1.42   0.155    -.5642992    .0898528
      avg_theduy |   .0054776   .0419124     0.13   0.896    -.0766691    .0876243
        avg_texp |   .0346001   .0293692     1.18   0.239    -.0229624    .0921627
         tlnwage |   -.427626    .331631    -1.29   0.197    -1.077611    .2223589
        avg_tage |  -.0343982    .018674    -1.84   0.065    -.0709985    .0022021
          NumTea |   .0088556   .1291788     0.07   0.945    -.2443301    .2620414
           _cons |   4.007582   2.380714     1.68   0.092    -.6585312    8.673696
----------------------------------------------------------------------------------

------------------------------------------------------------------------------
  Random-effects Parameters  |   Estimate   Std. Err.     [95% Conf. Interval]
-----------------------------+------------------------------------------------
classid: Identity            |
                  var(_cons) |   .1480381   .0606061      .0663583    .3302566
-----------------------------+------------------------------------------------
               var(Residual) |   .2990278   .0354854      .2369737    .3773314
------------------------------------------------------------------------------
LR test vs. linear model: chibar2(01) = 16.54         Prob >= chibar2 = 0.0000

. eststo r4 //中班高SES

. 
. esttab r* using "$tables/published_table20200703.rtf", ///
>         transform(ln*: exp(2*@) 2*exp(2*@)) ///
>         eqlabels ("" "var(_cons)" "var(Residual)", none) ///
>         se nogaps compress label ///
>         nobase keep(1.class_size 2.class_size) ///
>         mgroups("Juniors sample" "Middle sample", pattern(1 0  1 0 )) /// 
>         nonumbers mtitles("Low SES" "High SES" "Low SES" "High SES") ///
>         b(%6.3f) t(%6.2f)  star(* 0.1 ** 0.05 *** 0.01) ///
>         scalars("ll Log lik." "chi2 Wald chi2") ///
>         title("{\b Table 4. SES heterogeneity}") ///
>         append
(output written to C:\Users\Yongye LIU\Desktop\PUER_class_size_child_development\tables/published_table20200703.rtf)

. 
.                                                 ************************
.                                                 *** Robustness Check ***
.                                                 ************************
. 
.                         * -------------------- 表8. 班级规模的非线性检验结果 -------------------- *
. ** 小班样本
. mixed stdtotal_18 NumTotChi stdtotal_17 $le1covar $le2covar1 NumTea || classid: if Grade == 1, nolog reml

Mixed-effects REML regression                   Number of obs     =        403
Group variable: classid                         Number of groups  =         54

                                                Obs per group:
                                                              min =          2
                                                              avg =        7.5
                                                              max =         10

                                                Wald chi2(16)     =     198.95
Log restricted-likelihood = -436.59833          Prob > chi2       =     0.0000

------------------------------------------------------------------------------
 stdtotal_18 |      Coef.   Std. Err.      z    P>|z|     [95% Conf. Interval]
-------------+----------------------------------------------------------------
   NumTotChi |   .0036867   .0100055     0.37   0.713    -.0159238    .0232972
 stdtotal_17 |   .5682724   .0505262    11.25   0.000     .4692428    .6673019
         boy |  -.0443686   .0637576    -0.70   0.486    -.1693313    .0805941
       age17 |   .2257942   .0880251     2.57   0.010     .0532682    .3983203
       heduy |   .0254885   .0162702     1.57   0.117    -.0064005    .0573775
    guardian |   .0402609   .0828154     0.49   0.627    -.1220543     .202576
     ruralhk |  -.0569138    .167959    -0.34   0.735    -.3861073    .2722798
    siblings |    .024918   .0391797     0.64   0.525    -.0518728    .1017087
         hai |   .0041325   .0164477     0.25   0.802    -.0281044    .0363694
      public |   -.080828   .1885056    -0.43   0.668    -.4502922    .2886362
     urban17 |  -.2130121   .1887905    -1.13   0.259    -.5830347    .1570105
  avg_theduy |  -.0732447   .0473437    -1.55   0.122    -.1660366    .0195473
    avg_texp |  -.0120997   .0255001    -0.47   0.635    -.0620791    .0378796
     tlnwage |   .4232222   .3850447     1.10   0.272    -.3314515    1.177896
    avg_tage |   -.002648   .0122084    -0.22   0.828    -.0265761      .02128
      NumTea |  -.0587488   .1523608    -0.39   0.700    -.3573705    .2398729
       _cons |  -3.154085   2.556223    -1.23   0.217     -8.16419    1.856021
------------------------------------------------------------------------------

------------------------------------------------------------------------------
  Random-effects Parameters  |   Estimate   Std. Err.     [95% Conf. Interval]
-----------------------------+------------------------------------------------
classid: Identity            |
                  var(_cons) |   .2103092   .0558518      .1249697    .3539254
-----------------------------+------------------------------------------------
               var(Residual) |   .3605326   .0275967      .3103058    .4188892
------------------------------------------------------------------------------
LR test vs. linear model: chibar2(01) = 78.63         Prob >= chibar2 = 0.0000

. eststo r1

. 
. mixed stdtotal_18 NumTotChi cs2 stdtotal_17 $le1covar $le2covar1 NumTea || classid: if Grade == 1, nolog reml

Mixed-effects REML regression                   Number of obs     =        403
Group variable: classid                         Number of groups  =         54

                                                Obs per group:
                                                              min =          2
                                                              avg =        7.5
                                                              max =         10

                                                Wald chi2(17)     =     198.47
Log restricted-likelihood = -442.56267          Prob > chi2       =     0.0000

------------------------------------------------------------------------------
 stdtotal_18 |      Coef.   Std. Err.      z    P>|z|     [95% Conf. Interval]
-------------+----------------------------------------------------------------
   NumTotChi |   .0160808   .0501015     0.32   0.748    -.0821164    .1142779
         cs2 |   -.000252   .0009966    -0.25   0.800    -.0022053    .0017014
 stdtotal_17 |   .5696364   .0507429    11.23   0.000      .470182    .6690907
         boy |  -.0446926   .0638053    -0.70   0.484    -.1697487    .0803635
       age17 |   .2241208   .0881714     2.54   0.011      .051308    .3969337
       heduy |   .0254788   .0162793     1.57   0.118    -.0064281    .0573857
    guardian |   .0395419   .0829761     0.48   0.634    -.1230883    .2021721
     ruralhk |  -.0584292   .1681034    -0.35   0.728    -.3879058    .2710474
    siblings |   .0248077   .0392142     0.63   0.527    -.0520506    .1016661
         hai |   .0039371   .0164752     0.24   0.811    -.0283537     .036228
      public |  -.0777785   .1906679    -0.41   0.683    -.4514807    .2959236
     urban17 |  -.2283413   .1994026    -1.15   0.252    -.6191633    .1624807
  avg_theduy |  -.0770607   .0500711    -1.54   0.124    -.1751982    .0210769
    avg_texp |  -.0120682   .0257341    -0.47   0.639     -.062506    .0383697
     tlnwage |    .441176   .3946827     1.12   0.264    -.3323878     1.21474
    avg_tage |  -.0022539   .0124346    -0.18   0.856    -.0266253    .0221176
      NumTea |  -.0547816   .1546733    -0.35   0.723    -.3579357    .2483725
       _cons |  -3.374321   2.722287    -1.24   0.215    -8.709905    1.961262
------------------------------------------------------------------------------

------------------------------------------------------------------------------
  Random-effects Parameters  |   Estimate   Std. Err.     [95% Conf. Interval]
-----------------------------+------------------------------------------------
classid: Identity            |
                  var(_cons) |   .2154025   .0576571      .1274701     .363993
-----------------------------+------------------------------------------------
               var(Residual) |   .3606238   .0276106      .3103726    .4190109
------------------------------------------------------------------------------
LR test vs. linear model: chibar2(01) = 78.89         Prob >= chibar2 = 0.0000

. eststo r2

. 
. ** 中班样本完整模型
. mixed stdtotal_18 NumTotChi stdtotal_17 $le1covar $le2covar1 NumTea || classid: if Grade == 2, nolog reml

Mixed-effects REML regression                   Number of obs     =        405
Group variable: classid                         Number of groups  =         52

                                                Obs per group:
                                                              min =          2
                                                              avg =        7.8
                                                              max =         13

                                                Wald chi2(16)     =     204.47
Log restricted-likelihood = -406.89647          Prob > chi2       =     0.0000

------------------------------------------------------------------------------
 stdtotal_18 |      Coef.   Std. Err.      z    P>|z|     [95% Conf. Interval]
-------------+----------------------------------------------------------------
   NumTotChi |   .0074012    .007879     0.94   0.348    -.0080414    .0228437
 stdtotal_17 |   .5188971   .0484869    10.70   0.000     .4238645    .6139298
         boy |  -.0700243   .0600742    -1.17   0.244    -.1877675    .0477188
       age17 |   .1729811   .0834994     2.07   0.038     .0093254    .3366369
       heduy |   .0278411    .015885     1.75   0.080    -.0032929    .0589751
    guardian |    .015241   .0797394     0.19   0.848    -.1410453    .1715273
     ruralhk |  -.2027184   .1335696    -1.52   0.129    -.4645101    .0590732
    siblings |   -.077022    .037656    -2.05   0.041    -.1508264   -.0032177
         hai |   .0097866   .0173651     0.56   0.573    -.0242484    .0438217
      public |  -.0725624   .1583466    -0.46   0.647     -.382916    .2377913
     urban17 |  -.1873984   .1309156    -1.43   0.152    -.4439884    .0691915
  avg_theduy |   .0139451   .0334087     0.42   0.676    -.0515348     .079425
    avg_texp |   .0032665    .020232     0.16   0.872    -.0363876    .0429205
     tlnwage |  -.1539434   .2445053    -0.63   0.529    -.6331651    .3252782
    avg_tage |  -.0303313   .0144576    -2.10   0.036    -.0586677   -.0019949
      NumTea |   .0508233   .1076344     0.47   0.637    -.1601363     .261783
       _cons |   1.015399   1.777652     0.57   0.568    -2.468736    4.499534
------------------------------------------------------------------------------

------------------------------------------------------------------------------
  Random-effects Parameters  |   Estimate   Std. Err.     [95% Conf. Interval]
-----------------------------+------------------------------------------------
classid: Identity            |
                  var(_cons) |   .1189617   .0372217      .0644283    .2196533
-----------------------------+------------------------------------------------
               var(Residual) |   .3201376   .0244739      .2755904    .3718856
------------------------------------------------------------------------------
LR test vs. linear model: chibar2(01) = 42.56         Prob >= chibar2 = 0.0000

. eststo r3

. 
. mixed stdtotal_18 NumTotChi cs2 stdtotal_17 $le1covar $le2covar1 NumTea || classid: if Grade == 2, nolog reml

Mixed-effects REML regression                   Number of obs     =        405
Group variable: classid                         Number of groups  =         52

                                                Obs per group:
                                                              min =          2
                                                              avg =        7.8
                                                              max =         13

                                                Wald chi2(17)     =     205.15
Log restricted-likelihood = -412.66011          Prob > chi2       =     0.0000

------------------------------------------------------------------------------
 stdtotal_18 |      Coef.   Std. Err.      z    P>|z|     [95% Conf. Interval]
-------------+----------------------------------------------------------------
   NumTotChi |    .049731    .048869     1.02   0.309    -.0460506    .1455125
         cs2 |   -.000748   .0008523    -0.88   0.380    -.0024185    .0009225
 stdtotal_17 |    .518853   .0485028    10.70   0.000     .4237893    .6139166
         boy |  -.0701429    .060099    -1.17   0.243    -.1879348    .0476489
       age17 |     .17665   .0836259     2.11   0.035     .0127462    .3405537
       heduy |   .0286913    .015921     1.80   0.072    -.0025133    .0598958
    guardian |   .0114005   .0798886     0.14   0.887    -.1451783    .1679793
     ruralhk |  -.2084044   .1337858    -1.56   0.119    -.4706198     .053811
    siblings |  -.0779224   .0376842    -2.07   0.039    -.1517821   -.0040627
         hai |   .0101894   .0173779     0.59   0.558    -.0238707    .0442495
      public |  -.0601495   .1587992    -0.38   0.705    -.3713903    .2510912
     urban17 |  -.2121933   .1337653    -1.59   0.113    -.4743686    .0499819
  avg_theduy |   .0102186   .0336381     0.30   0.761    -.0557109    .0761481
    avg_texp |   .0058108   .0204137     0.28   0.776    -.0341994     .045821
     tlnwage |  -.1445357   .2444441    -0.59   0.554    -.6236373     .334566
    avg_tage |   -.031579    .014509    -2.18   0.030    -.0600161    -.003142
      NumTea |   .0446517   .1077341     0.41   0.679    -.1665032    .2558067
       _cons |   .4701051   1.881006     0.25   0.803    -3.216598    4.156808
------------------------------------------------------------------------------

------------------------------------------------------------------------------
  Random-effects Parameters  |   Estimate   Std. Err.     [95% Conf. Interval]
-----------------------------+------------------------------------------------
classid: Identity            |
                  var(_cons) |   .1185321   .0378666      .0633737    .2216987
-----------------------------+------------------------------------------------
               var(Residual) |   .3204437   .0245194      .2758166    .3722915
------------------------------------------------------------------------------
LR test vs. linear model: chibar2(01) = 40.48         Prob >= chibar2 = 0.0000

. eststo r4

. 
. // 使用keep仅保留感兴趣的系数： 班级规模以及班级规模的二次方  
. esttab r* using "$tables/published_table20200703.rtf", ///
>         se nogaps compress label ///
>         transform(ln*: exp(2*@) 2*exp(2*@)) ///
>         eqlabels ("" "var(_cons)" "var(Residual)", none) ///
>         nodepvar nonumbers mgroups("Juniors sample" "Middle sample", pattern(1 0 1 0)) ///
>         b(%6.3f) star(* 0.1 ** 0.05 *** 0.01) ///
>         scalars("ll Log lik." "chi2 Wald chi2") ///
>         keep(NumTotChi cs2) ///
>         title("{\b Table 5. Panel A continous CS & non-linear relationship}") ///
>         append
(output written to C:\Users\Yongye LIU\Desktop\PUER_class_size_child_development\tables/published_table20200703.rtf)

. 
. * 表9. 幼师比的非线性检验结果
. gen ratios = NumTotChi/NumTea

. label var ratios "Observed Classroom's child-to-teachers ratio"

. 
. gen sq_ratios = ratios*ratios

. 
. eststo clear

. ** 小班样本
. mixed stdtotal_18 ratios NumTotChi stdtotal_17 $le1covar $le2covar1 NumTea || classid: if Grade == 1, nolog reml

Mixed-effects REML regression                   Number of obs     =        403
Group variable: classid                         Number of groups  =         54

                                                Obs per group:
                                                              min =          2
                                                              avg =        7.5
                                                              max =         10

                                                Wald chi2(17)     =     204.14
Log restricted-likelihood = -437.07338          Prob > chi2       =     0.0000

------------------------------------------------------------------------------
 stdtotal_18 |      Coef.   Std. Err.      z    P>|z|     [95% Conf. Interval]
-------------+----------------------------------------------------------------
      ratios |   .0792732   .0415383     1.91   0.056    -.0021403    .1606867
   NumTotChi |  -.0378343   .0238557    -1.59   0.113    -.0845905    .0089219
 stdtotal_17 |   .5605483   .0505289    11.09   0.000     .4615134    .6595831
         boy |  -.0451091   .0637127    -0.71   0.479    -.1699838    .0797656
       age17 |   .2105027   .0882891     2.38   0.017     .0374592    .3835462
       heduy |   .0247232   .0162518     1.52   0.128    -.0071296    .0565761
    guardian |   .0403987   .0827346     0.49   0.625     -.121758    .2025555
     ruralhk |  -.0477633   .1677088    -0.28   0.776    -.3764666      .28094
    siblings |   .0259259   .0391307     0.66   0.508    -.0507688    .1026206
         hai |   .0025809    .016446     0.16   0.875    -.0296526    .0348144
      public |   -.095525   .1837039    -0.52   0.603     -.455578    .2645281
     urban17 |  -.2292947   .1841375    -1.25   0.213    -.5901975    .1316081
  avg_theduy |  -.0817465   .0462909    -1.77   0.077    -.1724749     .008982
    avg_texp |  -.0281299   .0261953    -1.07   0.283    -.0794718    .0232119
     tlnwage |   .5084139   .3776084     1.35   0.178     -.231685    1.248513
    avg_tage |   .0031487   .0122504     0.26   0.797    -.0208616     .027159
      NumTea |    .439264   .2999953     1.46   0.143    -.1487159    1.027244
       _cons |  -4.716565   2.622976    -1.80   0.072    -9.857505    .4243737
------------------------------------------------------------------------------

------------------------------------------------------------------------------
  Random-effects Parameters  |   Estimate   Std. Err.     [95% Conf. Interval]
-----------------------------+------------------------------------------------
classid: Identity            |
                  var(_cons) |   .1963444   .0532875      .1153465    .3342204
-----------------------------+------------------------------------------------
               var(Residual) |   .3603884   .0275748      .3102001    .4186969
------------------------------------------------------------------------------
LR test vs. linear model: chibar2(01) = 72.83         Prob >= chibar2 = 0.0000

. eststo r1

. 
. mixed stdtotal_18 ratios sq_ratios NumTotChi stdtotal_17 $le1covar $le2covar1 NumTea || classid: if Grade == 1, nolog reml

Mixed-effects REML regression                   Number of obs     =        403
Group variable: classid                         Number of groups  =         54

                                                Obs per group:
                                                              min =          2
                                                              avg =        7.5
                                                              max =         10

                                                Wald chi2(18)     =     203.87
Log restricted-likelihood = -441.85676          Prob > chi2       =     0.0000

------------------------------------------------------------------------------
 stdtotal_18 |      Coef.   Std. Err.      z    P>|z|     [95% Conf. Interval]
-------------+----------------------------------------------------------------
      ratios |   .0106126   .1376888     0.08   0.939    -.2592526    .2804778
   sq_ratios |     .00153   .0029221     0.52   0.601    -.0041972    .0072572
   NumTotChi |  -.0237932   .0360828    -0.66   0.510    -.0945142    .0469278
 stdtotal_17 |   .5601721   .0505851    11.07   0.000     .4610271     .659317
         boy |  -.0437284   .0637567    -0.69   0.493    -.1686893    .0812324
       age17 |   .2048141   .0888819     2.30   0.021     .0306088    .3790194
       heduy |   .0253367   .0162934     1.56   0.120    -.0065978    .0572713
    guardian |   .0407989   .0827474     0.49   0.622     -.121383    .2029808
     ruralhk |  -.0468142   .1678116    -0.28   0.780    -.3757189    .2820905
    siblings |   .0264201   .0391488     0.67   0.500    -.0503102    .1031504
         hai |    .002774   .0164527     0.17   0.866    -.0294727    .0350206
      public |  -.0956482   .1854142    -0.52   0.606    -.4590534    .2677569
     urban17 |  -.2060789   .1912933    -1.08   0.281    -.5810068    .1688491
  avg_theduy |  -.0768545   .0476844    -1.61   0.107    -.1703143    .0166053
    avg_texp |  -.0320813   .0275189    -1.17   0.244    -.0860173    .0218548
     tlnwage |   .4921795   .3825434     1.29   0.198    -.2575918    1.241951
    avg_tage |   .0039555   .0124685     0.32   0.751    -.0204822    .0283933
      NumTea |   .2766738   .4338432     0.64   0.524    -.5736432    1.126991
       _cons |  -4.086041   2.909107    -1.40   0.160    -9.787786    1.615704
------------------------------------------------------------------------------

------------------------------------------------------------------------------
  Random-effects Parameters  |   Estimate   Std. Err.     [95% Conf. Interval]
-----------------------------+------------------------------------------------
classid: Identity            |
                  var(_cons) |   .2011357   .0547834      .1179362    .3430294
-----------------------------+------------------------------------------------
               var(Residual) |   .3602876   .0275645      .3101176    .4185739
------------------------------------------------------------------------------
LR test vs. linear model: chibar2(01) = 74.05         Prob >= chibar2 = 0.0000

. eststo r2

. 
. ** 中班样本完整模型
. mixed stdtotal_18 ratios NumTotChi stdtotal_17 $le1covar $le2covar1 NumTea || classid: if Grade == 2, nolog reml

Mixed-effects REML regression                   Number of obs     =        405
Group variable: classid                         Number of groups  =         52

                                                Obs per group:
                                                              min =          2
                                                              avg =        7.8
                                                              max =         13

                                                Wald chi2(17)     =     205.53
Log restricted-likelihood = -408.80509          Prob > chi2       =     0.0000

------------------------------------------------------------------------------
 stdtotal_18 |      Coef.   Std. Err.      z    P>|z|     [95% Conf. Interval]
-------------+----------------------------------------------------------------
      ratios |   .0358911   .0358642     1.00   0.317    -.0344014    .1061837
   NumTotChi |  -.0094425    .018576    -0.51   0.611    -.0458509    .0269658
 stdtotal_17 |   .5183655   .0484905    10.69   0.000     .4233259     .613405
         boy |  -.0683406   .0601111    -1.14   0.256    -.1861562    .0494749
       age17 |   .1734239   .0834947     2.08   0.038     .0097772    .3370705
       heduy |   .0273455   .0158942     1.72   0.085    -.0038065    .0584976
    guardian |    .012863    .079787     0.16   0.872    -.1435167    .1692427
     ruralhk |  -.2010661   .1336013    -1.50   0.132    -.4629198    .0607876
    siblings |  -.0778332   .0376705    -2.07   0.039    -.1516659   -.0040004
         hai |   .0101616   .0173718     0.58   0.559    -.0238865    .0442096
      public |  -.1175196   .1641576    -0.72   0.474    -.4392626    .2042235
     urban17 |  -.2192995   .1343934    -1.63   0.103    -.4827058    .0441068
  avg_theduy |   .0214268   .0341495     0.63   0.530     -.045505    .0883586
    avg_texp |   .0038321    .020188     0.19   0.849    -.0357357       .0434
     tlnwage |  -.2073329   .2497092    -0.83   0.406    -.6967539    .2820882
    avg_tage |  -.0292435   .0144632    -2.02   0.043    -.0575909   -.0008962
      NumTea |   .2862373   .2586158     1.11   0.268    -.2206403    .7931149
       _cons |   .7976348   1.786482     0.45   0.655    -2.703806    4.299075
------------------------------------------------------------------------------

------------------------------------------------------------------------------
  Random-effects Parameters  |   Estimate   Std. Err.     [95% Conf. Interval]
-----------------------------+------------------------------------------------
classid: Identity            |
                  var(_cons) |   .1180966   .0376704      .0632006    .2206752
-----------------------------+------------------------------------------------
               var(Residual) |   .3203381   .0245019      .2757415    .3721474
------------------------------------------------------------------------------
LR test vs. linear model: chibar2(01) = 40.80         Prob >= chibar2 = 0.0000

. eststo r3

. 
. mixed stdtotal_18 ratios sq_ratios NumTotChi stdtotal_17 $le1covar $le2covar1 NumTea || classid: if Grade == 2, nolog reml

Mixed-effects REML regression                   Number of obs     =        405
Group variable: classid                         Number of groups  =         52

                                                Obs per group:
                                                              min =          2
                                                              avg =        7.8
                                                              max =         13

                                                Wald chi2(18)     =     205.10
Log restricted-likelihood = -413.49567          Prob > chi2       =     0.0000

------------------------------------------------------------------------------
 stdtotal_18 |      Coef.   Std. Err.      z    P>|z|     [95% Conf. Interval]
-------------+----------------------------------------------------------------
      ratios |  -.0279014   .1379754    -0.20   0.840    -.2983281    .2425254
   sq_ratios |   .0015715   .0032837     0.48   0.632    -.0048644    .0080074
   NumTotChi |  -.0006794   .0261877    -0.03   0.979    -.0520064    .0506476
 stdtotal_17 |   .5208995   .0486643    10.70   0.000     .4255191    .6162798
         boy |   -.068631   .0601298    -1.14   0.254    -.1864833    .0492213
       age17 |   .1678055   .0844435     1.99   0.047     .0022992    .3333118
       heduy |   .0273931   .0159022     1.72   0.085    -.0037747    .0585609
    guardian |   .0166725    .080128     0.21   0.835    -.1403755    .1737204
     ruralhk |  -.2030878   .1336638    -1.52   0.129     -.465064    .0588885
    siblings |  -.0775266   .0376817    -2.06   0.040    -.1513814   -.0036717
         hai |    .010095   .0173812     0.58   0.561    -.0239715    .0441614
      public |  -.1280006   .1677845    -0.76   0.446    -.4568522    .2008511
     urban17 |  -.2116393   .1367169    -1.55   0.122    -.4795995    .0563209
  avg_theduy |   .0246763   .0352385     0.70   0.484    -.0443898    .0937424
    avg_texp |   .0030685   .0204781     0.15   0.881     -.037068    .0432049
     tlnwage |  -.2322346   .2575306    -0.90   0.367    -.7369853     .272516
    avg_tage |  -.0288976   .0146445    -1.97   0.048    -.0576004   -.0001949
      NumTea |    .178591   .3446374     0.52   0.604    -.4968858    .8540679
       _cons |   1.494516   2.314117     0.65   0.518    -3.041069    6.030102
------------------------------------------------------------------------------

------------------------------------------------------------------------------
  Random-effects Parameters  |   Estimate   Std. Err.     [95% Conf. Interval]
-----------------------------+------------------------------------------------
classid: Identity            |
                  var(_cons) |   .1220117   .0389273      .0652874    .2280203
-----------------------------+------------------------------------------------
               var(Residual) |   .3201571   .0244816      .2755967    .3719224
------------------------------------------------------------------------------
LR test vs. linear model: chibar2(01) = 41.93         Prob >= chibar2 = 0.0000

. eststo r4

. 
. esttab r* using "$tables/published_table20200703.rtf", ///
>         se nogaps compress ///
>         transform(ln*: exp(2*@) 2*exp(2*@)) ///
>         eqlabels ("" "var(_cons)" "var(Residual)", none) ///
>         nodepvar nonumbers mgroups("Juniors sample" "Middle sample", pattern(1 0 1 0)) ///
>         b(%6.3f) se(%6.3f) star(* 0.1 ** 0.05 *** 0.01) ///
>         scalars("ll Log lik." "chi2 Wald chi2") ///
>         keep(ratios sq_ratios) ///
>         title("{\b Table 5. Panel B child-to-staff ratios (with CS control)}") ///
>         append
(output written to C:\Users\Yongye LIU\Desktop\PUER_class_size_child_development\tables/published_table20200703.rtf)

. 
.                         * ------------- 换因变量: 不同维度的稳健性检验 ------------- *
. * 表 10. 班级规模对儿童不同发展领域的影响
. *** 认知发展维度： 
. eststo clear

. ** 小班样本完整模型
. mixed stdcd_18 b3.class_size stdcd_17 $le1covar $le2covar1 NumTea || classid: if Grade == 1, nolog reml

Mixed-effects REML regression                   Number of obs     =        403
Group variable: classid                         Number of groups  =         54

                                                Obs per group:
                                                              min =          2
                                                              avg =        7.5
                                                              max =         10

                                                Wald chi2(17)     =     135.56
Log restricted-likelihood = -452.85181          Prob > chi2       =     0.0000

----------------------------------------------------------------------------------
        stdcd_18 |      Coef.   Std. Err.      z    P>|z|     [95% Conf. Interval]
-----------------+----------------------------------------------------------------
      class_size |
Smaller Classes  |  -.3058214   .1935197    -1.58   0.114     -.685113    .0734701
Regular Classes  |   -.120327   .1871069    -0.64   0.520    -.4870497    .2463958
                 |
        stdcd_17 |   .4418841   .0545206     8.10   0.000     .3350256    .5487426
             boy |  -.0120758   .0679157    -0.18   0.859    -.1451881    .1210364
           age17 |   .3850508   .0902296     4.27   0.000     .2082039    .5618976
           heduy |   .0262899   .0172164     1.53   0.127    -.0074537    .0600334
        guardian |   .0637152    .088012     0.72   0.469    -.1087852    .2362155
         ruralhk |  -.1070027   .1779379    -0.60   0.548    -.4557545    .2417491
        siblings |   .0296374   .0415578     0.71   0.476    -.0518145    .1110893
             hai |   .0023798   .0174875     0.14   0.892     -.031895    .0366546
          public |  -.0078563   .1753945    -0.04   0.964    -.3516232    .3359105
         urban17 |   -.123038   .1779536    -0.69   0.489    -.4718206    .2257446
      avg_theduy |  -.0555753   .0442847    -1.25   0.209    -.1423718    .0312212
        avg_texp |  -.0097772   .0236581    -0.41   0.679    -.0561462    .0365918
         tlnwage |   .0608847   .3652004     0.17   0.868     -.654895    .7766643
        avg_tage |  -.0065212   .0113651    -0.57   0.566    -.0287965    .0157541
          NumTea |  -.0657966   .1398042    -0.47   0.638    -.3398078    .2082146
           _cons |  -1.254049   2.445392    -0.51   0.608    -6.046929    3.538831
----------------------------------------------------------------------------------

------------------------------------------------------------------------------
  Random-effects Parameters  |   Estimate   Std. Err.     [95% Conf. Interval]
-----------------------------+------------------------------------------------
classid: Identity            |
                  var(_cons) |   .1678542   .0489548      .0947717    .2972939
-----------------------------+------------------------------------------------
               var(Residual) |   .4104886   .0314137      .3533139    .4769155
------------------------------------------------------------------------------
LR test vs. linear model: chibar2(01) = 50.68         Prob >= chibar2 = 0.0000

. eststo r1

. 
. ** 中班样本完整模型
. mixed stdcd_18 b3.class_size stdcd_17 $le1covar $le2covar1 NumTea || classid: if Grade == 2, nolog reml

Mixed-effects REML regression                   Number of obs     =        405
Group variable: classid                         Number of groups  =         52

                                                Obs per group:
                                                              min =          2
                                                              avg =        7.8
                                                              max =         13

                                                Wald chi2(17)     =     103.49
Log restricted-likelihood = -441.99751          Prob > chi2       =     0.0000

----------------------------------------------------------------------------------
        stdcd_18 |      Coef.   Std. Err.      z    P>|z|     [95% Conf. Interval]
-----------------+----------------------------------------------------------------
      class_size |
Smaller Classes  |   -.194878     .12751    -1.53   0.126     -.444793    .0550369
Regular Classes  |  -.1140838   .1193491    -0.96   0.339    -.3480038    .1198362
                 |
        stdcd_17 |   .3506203   .0465449     7.53   0.000      .259394    .4418466
             boy |  -.0118195    .067368    -0.18   0.861    -.1438585    .1202194
           age17 |   .0912667   .0884468     1.03   0.302    -.0820857    .2646192
           heduy |   .0370579   .0175677     2.11   0.035     .0026258    .0714899
        guardian |   .0673582   .0895534     0.75   0.452    -.1081632    .2428796
         ruralhk |  -.0386233   .1491802    -0.26   0.796    -.3310111    .2537644
        siblings |  -.0169785   .0421049    -0.40   0.687    -.0995027    .0655456
             hai |   .0325278   .0193311     1.68   0.092    -.0053604     .070416
          public |  -.0328319   .1269981    -0.26   0.796    -.2817436    .2160799
         urban17 |  -.1388208   .1060245    -1.31   0.190    -.3466251    .0689834
      avg_theduy |  -.0122521   .0266047    -0.46   0.645    -.0643964    .0398922
        avg_texp |  -.0033485   .0159636    -0.21   0.834    -.0346366    .0279396
         tlnwage |  -.1133804   .2108252    -0.54   0.591    -.5265903    .2998294
        avg_tage |   -.009878   .0113192    -0.87   0.383    -.0320632    .0123072
          NumTea |   .0088096   .0839712     0.10   0.916     -.155771    .1733902
           _cons |   .9758059   1.544784     0.63   0.528    -2.051915    4.003527
----------------------------------------------------------------------------------

------------------------------------------------------------------------------
  Random-effects Parameters  |   Estimate   Std. Err.     [95% Conf. Interval]
-----------------------------+------------------------------------------------
classid: Identity            |
                  var(_cons) |   .0463641   .0227917      .0176908    .1215112
-----------------------------+------------------------------------------------
               var(Residual) |   .4194102   .0318172      .3614642    .4866454
------------------------------------------------------------------------------
LR test vs. linear model: chibar2(01) = 8.32          Prob >= chibar2 = 0.0020

. eststo r2 

. 
. *** 社会性情感发展维度： 
. ** 小班样本完整模型
. mixed stdsed_18 b3.class_size stdsed_17 $le1covar $le2covar1 NumTea || classid: if Grade == 1, nolog reml

Mixed-effects REML regression                   Number of obs     =        403
Group variable: classid                         Number of groups  =         54

                                                Obs per group:
                                                              min =          2
                                                              avg =        7.5
                                                              max =         10

                                                Wald chi2(17)     =      93.44
Log restricted-likelihood = -530.24584          Prob > chi2       =     0.0000

----------------------------------------------------------------------------------
       stdsed_18 |      Coef.   Std. Err.      z    P>|z|     [95% Conf. Interval]
-----------------+----------------------------------------------------------------
      class_size |
Smaller Classes  |  -.1015741   .2277645    -0.45   0.656    -.5479842     .344836
Regular Classes  |   -.173371   .2204644    -0.79   0.432    -.6054733    .2587313
                 |
       stdsed_17 |   .3771554   .0494153     7.63   0.000     .2803031    .4740076
             boy |    .019668    .083413     0.24   0.814    -.1438184    .1831544
           age17 |   .1740407   .1069553     1.63   0.104    -.0355877    .3836692
           heduy |   .0446033   .0210628     2.12   0.034      .003321    .0858856
        guardian |   .1877286   .1080265     1.74   0.082    -.0239995    .3994566
         ruralhk |   .0596812    .217724     0.27   0.784    -.3670501    .4864125
        siblings |  -.0092598   .0507717    -0.18   0.855    -.1087704    .0902509
             hai |  -.0579853   .0215177    -2.69   0.007    -.1001593   -.0158113
          public |  -.1721613   .2067485    -0.83   0.405    -.5773809    .2330583
         urban17 |  -.0479537   .2098884    -0.23   0.819    -.4593275      .36342
      avg_theduy |   -.014515   .0520363    -0.28   0.780    -.1165043    .0874744
        avg_texp |  -.0280273   .0278713    -1.01   0.315    -.0826541    .0265995
         tlnwage |    .689266   .4274065     1.61   0.107    -.1484352    1.526967
        avg_tage |  -.0031501   .0133448    -0.24   0.813    -.0293053    .0230052
          NumTea |   .0743043   .1642094     0.45   0.651    -.2475403    .3961489
           _cons |  -6.004506   2.886384    -2.08   0.037    -11.66172   -.3472962
----------------------------------------------------------------------------------

------------------------------------------------------------------------------
  Random-effects Parameters  |   Estimate   Std. Err.     [95% Conf. Interval]
-----------------------------+------------------------------------------------
classid: Identity            |
                  var(_cons) |   .2243411   .0669514      .1249913    .4026594
-----------------------------+------------------------------------------------
               var(Residual) |   .6187588   .0472959      .5326701     .718761
------------------------------------------------------------------------------
LR test vs. linear model: chibar2(01) = 45.01         Prob >= chibar2 = 0.0000

. eststo r3

. 
. ** 中班样本完整模型
. mixed stdsed_18 b3.class_size stdsed_17 $le1covar $le2covar1 NumTea || classid: if Grade == 2, nolog reml

Mixed-effects REML regression                   Number of obs     =        405
Group variable: classid                         Number of groups  =         52

                                                Obs per group:
                                                              min =          2
                                                              avg =        7.8
                                                              max =         13

                                                Wald chi2(17)     =     141.54
Log restricted-likelihood = -507.05787          Prob > chi2       =     0.0000

----------------------------------------------------------------------------------
       stdsed_18 |      Coef.   Std. Err.      z    P>|z|     [95% Conf. Interval]
-----------------+----------------------------------------------------------------
      class_size |
Smaller Classes  |  -.3404079   .1475158    -2.31   0.021    -.6295336   -.0512822
Regular Classes  |   .2125747   .1383318     1.54   0.124    -.0585507    .4837001
                 |
       stdsed_17 |   .3505917   .0459984     7.62   0.000     .2604366    .4407469
             boy |   .0118758   .0798298     0.15   0.882    -.1445878    .1683394
           age17 |   .3053289   .0987616     3.09   0.002     .1117597    .4988981
           heduy |   .0079613    .020793     0.38   0.702    -.0327922    .0487148
        guardian |  -.0889519   .1056661    -0.84   0.400    -.2960538    .1181499
         ruralhk |  -.2561875   .1767446    -1.45   0.147    -.6026007    .0902256
        siblings |  -.0686989   .0500885    -1.37   0.170    -.1668706    .0294728
             hai |  -.0174244   .0228494    -0.76   0.446    -.0622084    .0273596
          public |  -.1818567   .1473146    -1.23   0.217    -.4705881    .1068746
         urban17 |  -.0664774   .1229629    -0.54   0.589    -.3074802    .1745254
      avg_theduy |   .0331009   .0309564     1.07   0.285    -.0275726    .0937743
        avg_texp |    .032199    .018346     1.76   0.079    -.0037586    .0681566
         tlnwage |  -.0648635   .2436001    -0.27   0.790    -.5423109    .4125838
        avg_tage |  -.0356236   .0130872    -2.72   0.006    -.0612741   -.0099731
          NumTea |  -.0102244   .0970669    -0.11   0.916    -.2004721    .1800232
           _cons |   .1467186   1.788787     0.08   0.935    -3.359239    3.652677
----------------------------------------------------------------------------------

------------------------------------------------------------------------------
  Random-effects Parameters  |   Estimate   Std. Err.     [95% Conf. Interval]
-----------------------------+------------------------------------------------
classid: Identity            |
                  var(_cons) |   .0579953   .0311936      .0202098     .166427
-----------------------------+------------------------------------------------
               var(Residual) |     .58965   .0448467      .5079897    .6844373
------------------------------------------------------------------------------
LR test vs. linear model: chibar2(01) = 6.60          Prob >= chibar2 = 0.0051

. eststo r4

. 
. esttab r* using "$tables/published_table20200703.rtf", ///
>         transform(ln*: exp(2*@) 2*exp(2*@)) ///
>         eqlabels ("" "var(_cons)" "var(Residual)", none) ///
>         se nogaps compress label ///
>         nobase keep(1.class_size 2.class_size) ///
>         mgroups("Cognitive development" "Social emotional development", pattern(1 0 1 0)) /// 
>         nonumbers mtitles("Juniors sample" "Middle sample" "Juniors sample" "Middle sample") ///
>         b(%6.3f) t(%6.2f)  star(* 0.1 ** 0.05 *** 0.01) ///
>         scalars("ll Log lik." "chi2 Wald chi2") ///
>         title("{\b Table 6. Different outcomes} ") ///
>         append 
(output written to C:\Users\Yongye LIU\Desktop\PUER_class_size_child_development\tables/published_table20200703.rtf)

. eststo clear

. 
. clear

. exit, clear

end of do-file

. do "$root\dofiles\2_Table2.do"

. use "$working_data\PUER_table2_data.dta", clear

. 
. * Table 2. 华北某县全县幼儿园平均班级规模的描述统计
. // 全县平均
. tabstat AverClassize, stat(mean sd p50 min max) format(%9.2f)

    variable |      mean        sd       p50       min       max
-------------+--------------------------------------------------
AverClassize |     26.66     10.50     28.26      5.00     69.33
----------------------------------------------------------------

. tab CScat

       CScat |      Freq.     Percent        Cum.
-------------+-----------------------------------
      没超过 |        133       61.29       61.29
超过平均规模 |         84       38.71      100.00
-------------+-----------------------------------
       Total |        217      100.00

. 
. //公办园
. tabstat AverClassize if public == 1, stat(mean sd p50 min max) format(%9.2f)

    variable |      mean        sd       p50       min       max
-------------+--------------------------------------------------
AverClassize |     25.89     11.41     25.83      5.00     69.33
----------------------------------------------------------------

. tab CScat if public == 1

       CScat |      Freq.     Percent        Cum.
-------------+-----------------------------------
      没超过 |        110       62.50       62.50
超过平均规模 |         66       37.50      100.00
-------------+-----------------------------------
       Total |        176      100.00

. 
. //民办园
. tabstat AverClassize if public == 0, stat(mean sd p50 min max) format(%9.2f)

    variable |      mean        sd       p50       min       max
-------------+--------------------------------------------------
AverClassize |     30.08      2.96     30.00     23.33     37.50
----------------------------------------------------------------

. tab CScat if public == 0

       CScat |      Freq.     Percent        Cum.
-------------+-----------------------------------
      没超过 |         23       56.10       56.10
超过平均规模 |         18       43.90      100.00
-------------+-----------------------------------
       Total |         41      100.00

. 
. //城镇园
. tabstat AverClassize if urban17 == 1, stat(mean sd p50 min max) format(%9.2f)

    variable |      mean        sd       p50       min       max
-------------+--------------------------------------------------
AverClassize |     28.05     11.32     29.50      5.00     69.33
----------------------------------------------------------------

. tab CScat if urban17 == 1

       CScat |      Freq.     Percent        Cum.
-------------+-----------------------------------
      没超过 |         46       63.01       63.01
超过平均规模 |         27       36.99      100.00
-------------+-----------------------------------
       Total |         73      100.00

. 
. //乡村园
. tabstat AverClassize if urban17 == 0, stat(mean sd p50 min max) format(%9.2f)

    variable |      mean        sd       p50       min       max
-------------+--------------------------------------------------
AverClassize |     26.21     10.14     28.00      5.50     53.33
----------------------------------------------------------------

. tab CScat if urban17 == 0 

       CScat |      Freq.     Percent        Cum.
-------------+-----------------------------------
      没超过 |         80       60.61       60.61
超过平均规模 |         52       39.39      100.00
-------------+-----------------------------------
       Total |        132      100.00

. 
end of do-file

. do "$root\dofiles\2_Table3.do"

. 
. use "$working_data\PUER_table3_data.dta", clear

. 
. * Table 3. 华北某县抽样园班级规模的描述统计
. *** 平均班级规模
. //抽样班级
. tabstat NumTotChi, stat(mean) format(%9.2f) 

    variable |      mean
-------------+----------
   NumTotChi |     26.43
------------------------

. //小班
. tabstat NumTotChi if Grade==1, stat(mean) format(%9.2f)

    variable |      mean
-------------+----------
   NumTotChi |     25.00
------------------------

. //中班
. tabstat NumTotChi if Grade==2, stat(mean) format(%9.2f)

    variable |      mean
-------------+----------
   NumTotChi |     28.55
------------------------

. 
. *** 不同规模班级占比（%）
. //抽样班级
. tab class_size

  class_size |      Freq.     Percent        Cum.
-------------+-----------------------------------
小于政策规定 |         37       31.09       31.09
  政策规定内 |         27       22.69       53.78
大于政策规定 |         55       46.22      100.00
-------------+-----------------------------------
       Total |        119      100.00

. //小班
. tab class_size if Grade==1

  class_size |      Freq.     Percent        Cum.
-------------+-----------------------------------
小于政策规定 |         17       29.82       29.82
  政策规定内 |         12       21.05       50.88
大于政策规定 |         28       49.12      100.00
-------------+-----------------------------------
       Total |         57      100.00

. //中班
. tab class_size if Grade==2

  class_size |      Freq.     Percent        Cum.
-------------+-----------------------------------
小于政策规定 |         18       31.03       31.03
  政策规定内 |         14       24.14       55.17
大于政策规定 |         26       44.83      100.00
-------------+-----------------------------------
       Total |         58      100.00

. 
end of do-file

. 
. log close
      name:  <unnamed>
       log:  C:\Users\Yongye LIU\Desktop\PUER_class_size_child_development\logfiles\PUER_published_results.log
  log type:  text
 closed on:  13 Aug 2024, 21:06:57
---------------------------------------------------------------------------------------------------------------------------------------------
